------------------------------------------------------------
Timing Analyzer Summary
------------------------------------------------------------

Type  : Slow 1200mV 85C Model Setup 'clk'
Slack : 0.806
TNS   : 0.000

Type  : Slow 1200mV 85C Model Hold 'clk'
Slack : 0.259
TNS   : 0.000

Type  : Slow 1200mV 85C Model Recovery 'clk'
Slack : 5.953
TNS   : 0.000

Type  : Slow 1200mV 85C Model Removal 'clk'
Slack : 2.996
TNS   : 0.000

Type  : Slow 1200mV 85C Model Minimum Pulse Width 'clk'
Slack : 4.488
TNS   : 0.000

Type  : Slow 1200mV 0C Model Setup 'clk'
Slack : 1.173
TNS   : 0.000

Type  : Slow 1200mV 0C Model Hold 'clk'
Slack : 0.262
TNS   : 0.000

Type  : Slow 1200mV 0C Model Recovery 'clk'
Slack : 6.351
TNS   : 0.000

Type  : Slow 1200mV 0C Model Removal 'clk'
Slack : 2.666
TNS   : 0.000

Type  : Slow 1200mV 0C Model Minimum Pulse Width 'clk'
Slack : 4.526
TNS   : 0.000

Type  : Fast 1200mV 0C Model Setup 'clk'
Slack : 3.111
TNS   : 0.000

Type  : Fast 1200mV 0C Model Hold 'clk'
Slack : 0.082
TNS   : 0.000

Type  : Fast 1200mV 0C Model Recovery 'clk'
Slack : 7.870
TNS   : 0.000

Type  : Fast 1200mV 0C Model Removal 'clk'
Slack : 1.550
TNS   : 0.000

Type  : Fast 1200mV 0C Model Minimum Pulse Width 'clk'
Slack : 4.370
TNS   : 0.000

------------------------------------------------------------
